thinkquest.alcohol.txt
thinkquest.allergy.txt
thinkquest.avoid.txt
thinkquest.bleh.txt
thinkquest.bodypart.txt
thinkquest.bsnacks.txt
thinkquest.buying.txt
thinkquest.caffeine.txt
thinkquest.calintake.txt
thinkquest.carbohydrates.txt
thinkquest.cdf.txt
thinkquest.chat.txt
thinkquest.chinese.txt
thinkquest.complex.txt
thinkquest.content.txt
thinkquest.cutdownfats.txt
thinkquest.dairy.txt
thinkquest.dairy2.txt
thinkquest.dload.txt
thinkquest.eathabits.txt
thinkquest.eggs.txt
thinkquest.eggs2.txt
thinkquest.energy.txt
thinkquest.eval.txt
thinkquest.fad.txt
thinkquest.fatallow.txt
thinkquest.fatcalc.txt
thinkquest.fats.txt
thinkquest.fats2.txt
thinkquest.festival.txt
thinkquest.figure.txt
thinkquest.forums.txt
thinkquest.fruit.txt
thinkquest.fruit2.txt
thinkquest.fruitarianism.txt
thinkquest.fspoil.txt
thinkquest.glycemic.txt
thinkquest.goodmood.txt
thinkquest.grain.txt
thinkquest.grain2.txt
thinkquest.hcarlpro.txt
thinkquest.healing.txt
thinkquest.icqlist.txt
thinkquest.index.txt
thinkquest.kitchen.txt
thinkquest.label.txt
thinkquest.label2.txt
thinkquest.legal.txt
thinkquest.lesson1.txt
thinkquest.lesson2.txt
thinkquest.lesson3.txt
thinkquest.lesson4.txt
thinkquest.lesson5.txt
thinkquest.lesson6.txt
thinkquest.links.txt
thinkquest.meat.txt
thinkquest.meat2.txt
thinkquest.members.txt
thinkquest.mental.txt
thinkquest.minerals.txt
thinkquest.misc.txt
thinkquest.misc2.txt
thinkquest.mixed.txt
thinkquest.mixed2.txt
thinkquest.netcaster.txt
thinkquest.nrgneeds.txt
thinkquest.nuts.txt
thinkquest.nuts2.txt
thinkquest.output.txt
thinkquest.overview.txt
thinkquest.pfoods.txt
thinkquest.prepcook.txt
thinkquest.protein.txt
thinkquest.psnacks.txt
thinkquest.pyramid.txt
thinkquest.rda.txt
thinkquest.records.txt
thinkquest.references.txt
thinkquest.religion.txt
thinkquest.salt.txt
thinkquest.sports.txt
thinkquest.sportsdiets.txt
thinkquest.storing.txt
thinkquest.sweets.txt
thinkquest.sweets2.txt
thinkquest.teenrda.txt
thinkquest.teeth.txt
thinkquest.toc.txt
thinkquest.types.txt
thinkquest.vegetarianism.txt
thinkquest.veggies.txt
thinkquest.veggies2.txt
thinkquest.vitamins.txt
thinkquest.water.txt
wikipedia.Acceptable_daily_intake.txt
wikipedia.Alpha-Linolenic_acid.txt
wikipedia.Arginine.txt
wikipedia.Carbohydrates.txt
wikipedia.Cholesterol.txt
wikipedia.Choline.txt
wikipedia.Dietary_Reference_Intake.txt
wikipedia.Dietary_fiber.txt
wikipedia.Dietary_minerals.txt
wikipedia.Essential_amino_acid.txt
wikipedia.Essential_fatty_acid.txt
wikipedia.Essential_nutrient.txt
wikipedia.Fat.txt
wikipedia.Healthy_diet.txt
wikipedia.Histidine.txt
wikipedia.Isoleucine.txt
wikipedia.Leucine.txt
wikipedia.Linoleic_acid.txt
wikipedia.Lysine.txt
wikipedia.Methionine.txt
wikipedia.Omega-3_fatty_acid.txt
wikipedia.Omega-6_fatty_acid.txt
wikipedia.Phenylalanine.txt
wikipedia.Protein.txt
wikipedia.Saturated_fatty_acids.txt
wikipedia.Threonine.txt
wikipedia.Trans_fatty_acids.txt
wikipedia.Tryptophan.txt
wikipedia.Valine.txt
wikipedia.Vitamin.txt
wikipedia.Vitamin_A.txt
wikipedia.Vitamin_B1.txt
wikipedia.Vitamin_B12.txt
wikipedia.Vitamin_B2.txt
wikipedia.Vitamin_B3.txt
wikipedia.Vitamin_B4.txt
wikipedia.Vitamin_B5.txt
wikipedia.Vitamin_B6.txt
wikipedia.Vitamin_B7.txt
wikipedia.Vitamin_B9.txt
wikipedia.Vitamin_C.txt
wikipedia.Vitamin_D.txt
wikipedia.Vitamin_E.txt
wikipedia.Vitamin_K.txt
